// Jest Snapshot v1, https://goo.gl/fbAQLP

exports[`editable place item click on edit button shows edit form 1`] = `
<body>
  <div>
    <div
      class="place-card"
    >
      <a
        href="/place/test"
      >
        <img
          alt="test"
          class="place-image-full"
          src="test"
        />
        <div
          class="card-content"
        >
          <h2
            class="place-title"
          >
            test
          </h2>
          <div
            class="wrapper"
          >
            <div
              class="scroll"
            >
              <p
                class="content"
              >
                test
              </p>
            </div>
          </div>
          <p
            class="place-address"
          >
            <strong
              style="color: rgb(192, 192, 192);"
            >
              Address: 
            </strong>
            test
          </p>
        </div>
        <div
          class="place-edit-button"
          data-testid="edit-button"
        >
          <svg
            aria-hidden="true"
            class="svg-inline--fa fa-pen "
            data-icon="pen"
            data-prefix="fas"
            focusable="false"
            role="img"
            viewBox="0 0 512 512"
            xmlns="http://www.w3.org/2000/svg"
          >
            <path
              d="M362.7 19.3L314.3 67.7 444.3 197.7l48.4-48.4c25-25 25-65.5 0-90.5L453.3 19.3c-25-25-65.5-25-90.5 0zm-71 71L58.6 323.5c-10.4 10.4-18 23.3-22.2 37.4L1 481.2C-1.5 489.7 .8 498.8 7 505s15.3 8.5 23.7 6.1l120.3-35.4c14.1-4.2 27-11.8 37.4-22.2L421.7 220.3 291.7 90.3z"
              fill="currentColor"
            />
          </svg>
        </div>
      </a>
    </div>
    <div
      class="backdrop"
    />
    <div
      class="modal undefined"
    >
      <div
        class="content"
      >
        <div
          class="place-info-card-container"
        >
          <input
            class="inputs"
            maxlength="30"
            placeholder="Title"
            type="text"
            value="test"
          />
          <textarea
            class="place-description"
            maxlength="210"
            placeholder="Description about this place"
          >
            test
          </textarea>
          <input
            class="inputs"
            maxlength="30"
            placeholder="Address"
            value="test"
          />
          <div
            class="place-actions"
          >
            <button
              class="button undefined button-delete"
            >
              Delete
            </button>
            <button
              class="button undefined button-cancel"
            >
              Cancel
            </button>
            <button
              class="button undefined button-submit"
            >
              Save
            </button>
          </div>
        </div>
      </div>
    </div>
  </div>
</body>
`;
